################################################################################
#                                                                              #
#      IAR Universal Linker V6.1.3.56                                          #
#                                                                              #
#           Link time     =  24/Oct/2023  15:12:50                             #
#           Target CPU    =  A90                                               #
#           List file     =  C:\Users\Joris\Documents\Repositories\NNP\stim\tr #
#                            unk\app\Debug\List\rmStim.map                     #
#           Output file 1 =  C:\Users\Joris\Documents\Repositories\NNP\stim\tr #
#                            unk\app\Debug\Exe\rmStim.d90                      #
#                            Format: debug                                     #
#                            UBROF version 10.0.6                              #
#                            Using library modules for C-SPY (-rt)             #
#           Output file 2 =  C:\Users\Joris\Documents\Repositories\NNP\stim\tr #
#                            unk\app\Debug\Exe\rmStim.bin                      #
#                            Format: raw-binary                                #
#           Command line  =  C:\Users\Joris\Documents\Repositories\NNP\stim\tr #
#                            unk\app\Debug\Obj\acceltemp.r90                   #
#                            C:\Users\Joris\Documents\Repositories\NNP\stim\tr #
#                            unk\app\Debug\Obj\app.r90                         #
#                            C:\Users\Joris\Documents\Repositories\NNP\stim\tr #
#                            unk\app\Debug\Obj\can_AVR.r90                     #
#                            C:\Users\Joris\Documents\Repositories\NNP\stim\tr #
#                            unk\app\Debug\Obj\eedata.r90                      #
#                            C:\Users\Joris\Documents\Repositories\NNP\stim\tr #
#                            unk\app\Debug\Obj\emcy.r90                        #
#                            C:\Users\Joris\Documents\Repositories\NNP\stim\tr #
#                            unk\app\Debug\Obj\lifegrd.r90                     #
#                            C:\Users\Joris\Documents\Repositories\NNP\stim\tr #
#                            unk\app\Debug\Obj\lss.r90                         #
#                            C:\Users\Joris\Documents\Repositories\NNP\stim\tr #
#                            unk\app\Debug\Obj\nmtMaster.r90                   #
#                            C:\Users\Joris\Documents\Repositories\NNP\stim\tr #
#                            unk\app\Debug\Obj\nmtSlave.r90                    #
#                            C:\Users\Joris\Documents\Repositories\NNP\stim\tr #
#                            unk\app\Debug\Obj\objacces.r90                    #
#                            C:\Users\Joris\Documents\Repositories\NNP\stim\tr #
#                            unk\app\Debug\Obj\ObjDict.r90                     #
#                            C:\Users\Joris\Documents\Repositories\NNP\stim\tr #
#                            unk\app\Debug\Obj\pdo.r90                         #
#                            C:\Users\Joris\Documents\Repositories\NNP\stim\tr #
#                            unk\app\Debug\Obj\pulseGen.r90                    #
#                            C:\Users\Joris\Documents\Repositories\NNP\stim\tr #
#                            unk\app\Debug\Obj\runcanserver.r90                #
#                            C:\Users\Joris\Documents\Repositories\NNP\stim\tr #
#                            unk\app\Debug\Obj\scheduler.r90                   #
#                            C:\Users\Joris\Documents\Repositories\NNP\stim\tr #
#                            unk\app\Debug\Obj\sdo.r90                         #
#                            C:\Users\Joris\Documents\Repositories\NNP\stim\tr #
#                            unk\app\Debug\Obj\states.r90                      #
#                            C:\Users\Joris\Documents\Repositories\NNP\stim\tr #
#                            unk\app\Debug\Obj\stimTask.r90                    #
#                            C:\Users\Joris\Documents\Repositories\NNP\stim\tr #
#                            unk\app\Debug\Obj\sync.r90                        #
#                            C:\Users\Joris\Documents\Repositories\NNP\stim\tr #
#                            unk\app\Debug\Obj\timer.r90                       #
#                            C:\Users\Joris\Documents\Repositories\NNP\stim\tr #
#                            unk\app\Debug\Obj\timer_AVR.r90                   #
#                            -o                                                #
#                            C:\Users\Joris\Documents\Repositories\NNP\stim\tr #
#                            unk\app\Debug\Exe\rmStim.d90                      #
#                            -l                                                #
#                            C:\Users\Joris\Documents\Repositories\NNP\stim\tr #
#                            unk\app\Debug\List\rmStim.map                     #
#                            -xms                                              #
#                            "-IC:\Program Files (x86)\IAR Systems\Embedded Wo #
#                            rkbench 7.0\avr\LIB\"                             #
#                            -f                                                #
#                            "C:\Program Files (x86)\IAR Systems\Embedded Work #
#                            bench 7.0\avr\src\template\cfgcan128.xcl"         #
#                            (-D_..X_INTVEC_SIZE=94 -D_..X_FLASH_NEND=FFFF     #
#                            -D_..X_FLASH_END=1FFFF -D_..X_SRAM_BASE=100       #
#                            -D_..X_SRAM_TBASE=0 -D_..X_SRAM_TSIZE=0           #
#                            -D_..X_SRAM_END=10FF -D_..X_EEPROM_END=FFF        #
#                            -D_..X_EEPROM_START=0) -D_..X_HEAP_SIZE=10        #
#                            -D_..X_TINY_HEAP_SIZE=0 -D_..X_NEAR_HEAP_SIZE=0   #
#                            -D_..X_FAR_HEAP_SIZE=0 -D_..X_HUGE_HEAP_SIZE=0    #
#                            -D_..X_CSTACK_SIZE=260 -D_..X_RSTACK_SIZE=30      #
#                            -D_..X_FLASH_CODE_END=1FFFF -f                    #
#                            "C:\Program Files (x86)\IAR Systems\Embedded Work #
#                            bench 7.0\avr\src\template\cfg3soim.xcl"          #
#                            (-ca90 -w29                                       #
#                            -Z(CODE)INTVEC=0-(_..X_INTVEC_SIZE-1)             #
#                            -Z(CODE)TINY_F=_..X_FLASH_BASE-FF                 #
#                            -Z(CODE)NEAR_F=_..X_FLASH_BASE-_..X_FLASH_NEND    #
#                            -Z(CODE)SWITCH=_..X_FLASH_BASE-_..X_FLASH_NEND    #
#                            -Z(CODE)DIFUNCT=_..X_FLASH_BASE-_..X_FLASH_NEND   #
#                            -Z(CODE)CODE=_..X_FLASH_BASE-_..X_FLASH_END       #
#                            -P(CODE)FAR_F=[_..X_FLASH_BASE-_..X_FLASH_END]/10 #
#                            000                                               #
#                            -Z(CODE)INITTAB=_..X_FLASH_BASE-_..X_FLASH_END    #
#                            -Z(CODE)HUGE_F=_..X_FLASH_BASE-_..X_FLASH_END     #
#                            -Z(CODE)TINY_ID=_..X_FLASH_BASE-_..X_FLASH_END    #
#                            -Z(CODE)NEAR_ID=_..X_FLASH_BASE-_..X_FLASH_END    #
#                            -Z(CODE)CHECKSUM#_..X_FLASH_END                   #
#                            -Z(DATA)TINY_I,TINY_Z,TINY_N=_..X_SRAM_TBASE:+_.. #
#                            X_SRAM_TSIZE                                      #
#                            -Z(DATA)CSTACK+_..X_CSTACK_SIZE=_..X_CSTACK_BASE- #
#                            _..X_CSTACK_END                                   #
#                            -Z(DATA)HEAP+_..X_HEAP_SIZE=_..X_SRAM_BASE-_..X_S #
#                            RAM_END                                           #
#                            -Z(DATA)IOSTREAM_N#_..X_SRAM_BASE-_..X_SRAM_END   #
#                            -Z(DATA)NEAR_HEAP+_..X_NEAR_HEAP_SIZE=_..X_SRAM_B #
#                            ASE-_..X_SRAM_END                                 #
#                            -Z(DATA)RSTACK+_..X_RSTACK_SIZE=_..X_RSTACK_BASE- #
#                            _..X_RSTACK_END                                   #
#                            -Z(DATA)NEAR_I,NEAR_Z,NEAR_N=_..X_SRAM_BASE-_..X_ #
#                            SRAM_END                                          #
#                            -Z(XDATA)EEPROM_I,EEPROM_N=_..X_EEPROM_START-_..X #
#                            _EEPROM_END)                                      #
#                            -D_..X_FLASH_BASE=_..X_INTVEC_SIZE -H1895         #
#                            -h(CODE)0-(_..X_INTVEC_SIZE-1)                    #
#                            -D_..X_EXT_SRAM_BASE=_..X_SRAM_END                #
#                            -D_..X_EXT_SRAM_SIZE=0                            #
#                            -D_..X_EXT_ROM_BASE=_..X_SRAM_END                 #
#                            -D_..X_EXT_ROM_SIZE=0                             #
#                            -D_..X_EXT_NV_BASE=_..X_SRAM_END                  #
#                            -D_..X_EXT_NV_SIZE=0                              #
#                            -D_..X_CSTACK_BASE=_..X_SRAM_BASE                 #
#                            -D_..X_CSTACK_END=_..X_SRAM_END                   #
#                            -D_..X_RSTACK_BASE=_..X_SRAM_BASE                 #
#                            -D_..X_RSTACK_END=_..X_SRAM_END -rt               #
#                            -Oraw-binary=C:\Users\Joris\Documents\Repositorie #
#                            s\NNP\stim\trunk\app\Debug\Exe\rmStim.bin         #
#                            -s __program_start                                #
#                            "C:\Program Files (x86)\IAR Systems\Embedded Work #
#                            bench 7.0\avr\LIB\CLIB\cl3s-ec_mul.r90"           #
#                            -e_small_write=_formatted_write                   #
#                            -e_medium_read=_formatted_read                    #
#                                                                              #
#                           Copyright (C) 1987-2014 IAR Systems AB.            #
################################################################################





                ****************************************
                *                                      *
                *           CROSS REFERENCE            *
                *                                      *
                ****************************************

       Program entry at : CODE      00000000  Relocatable, from module : ?RESET




                ****************************************
                *                                      *
                *            RUNTIME MODEL             *
                *                                      *
                ****************************************

  R10             = REG
  R11             = REG
  R12             = REG
  R13             = REG
  R14             = REG
  R15             = REG
  R4              = REG
  R5              = REG
  R6              = REG
  R7              = REG
  R8              = REG
  R9              = REG
  __64bit_doubles = disabled
  __SystemLibrary = CLib
  __cpu           = 3
  __cpu_name      = AT90CAN128
  __enhanced_core = enabled
  __has_elpm      = true
  __memory_model  = 2
  __no_rampd      = enabled
  __rt_version    = 3
  __tiny_avr      = false

                ****************************************
                *                                      *
                *    AUTOMATIC SYMBOL REDIRECTIONS     *
                *                                      *
                ****************************************

                  There are no automatic symbol redirections.



                ****************************************
                *                                      *
                *              MODULE MAP              *
                *                                      *
                ****************************************


  DEFINED ABSOLUTE ENTRIES
  PROGRAM MODULE, NAME : ?ABS_ENTRY_MOD

Absolute parts
           ENTRY                   ADDRESS         REF BY
           =====                   =======         ======
           _..X_RSTACK_END         000010FF 
           _..X_RSTACK_BASE        00000100 
           _..X_CSTACK_END         000010FF 
           _..X_CSTACK_BASE        00000100 
           _..X_EXT_NV_SIZE        00000000 
           _..X_EXT_NV_BASE        000010FF 
           _..X_EXT_ROM_SIZE       00000000 
           _..X_EXT_ROM_BASE       000010FF 
           _..X_EXT_SRAM_SIZE      00000000 
           _..X_EXT_SRAM_BASE      000010FF 
           _..X_FLASH_BASE         00000094 
           _..X_FLASH_CODE_END     0001FFFF 
           _..X_RSTACK_SIZE        00000030 
           _..X_CSTACK_SIZE        00000260 
           _..X_HUGE_HEAP_SIZE     00000000 
           _..X_FAR_HEAP_SIZE      00000000 
           _..X_NEAR_HEAP_SIZE     00000000 
           _..X_TINY_HEAP_SIZE     00000000 
           _..X_HEAP_SIZE          00000010 
           _..X_EEPROM_START       00000000 
           _..X_EEPROM_END         00000FFF 
           _..X_SRAM_END           000010FF 
           _..X_SRAM_TSIZE         00000000 
           _..X_SRAM_TBASE         00000000 
           _..X_SRAM_BASE          00000100 
           _..X_FLASH_END          0001FFFF 
           _..X_FLASH_NEND         0000FFFF 
           _..X_INTVEC_SIZE        00000094 
    *************************************************************************

  FILE NAME : C:\Users\Joris\Documents\Repositories\NNP\stim\trunk\app\Debug\Obj\acceltemp.r90
  PROGRAM MODULE, NAME : acceltemp

  SEGMENTS IN THE MODULE
  ======================
ABSOLUTE
  Relative segment, address: DATA 000000BC - 000000BC (0x1 bytes), align: 0
  Segment part 1. ROOT        Intra module refs:   processNMTstateChange (nmtSlave)
                                                   readTwiData
                                                   sendTwiData
                                                   startTwi
                                                   stopTwi
           ENTRY                   ADDRESS         REF BY
           =====                   =======         ======
           _A_TWCR                 000000BC 
           LOCAL                   ADDRESS         
           =====                   =======         
           TWCR                    000000BC 
    -------------------------------------------------------------------------
ABSOLUTE
  Relative segment, address: DATA 000000BB - 000000BB (0x1 bytes), align: 0
  Segment part 2. ROOT        Intra module refs:   readTwiData
                                                   sendTwiData
           ENTRY                   ADDRESS         REF BY
           =====                   =======         ======
           _A_TWDR                 000000BB 
           LOCAL                   ADDRESS         
           =====                   =======         
           TWDR                    000000BB 
    -------------------------------------------------------------------------
ABSOLUTE
  Relative segment, address: DATA 000000B9 - 000000B9 (0x1 bytes), align: 0
  Segment part 3. ROOT        Intra module refs:   readTwiData
                                                   sendTwiData
                                                   startTwi
           ENTRY                   ADDRESS         REF BY
           =====                   =======         ======
           _A_TWSR                 000000B9 
           LOCAL                   ADDRESS         
           =====                   =======         
           TWSR                    000000B9 
    -------------------------------------------------------------------------
ABSOLUTE
  Relative segment, address: DATA 000000B8 - 000000B8 (0x1 bytes), align: 0
  Segment part 4. ROOT        Intra module refs:   initAccelerometer
           ENTRY                   ADDRESS         REF BY
           =====                   =======         ======
           _A_TWBR                 000000B8 
           LOCAL                   ADDRESS         
           =====                   =======         
           TWBR                    000000B8 
    -------------------------------------------------------------------------
ABSOLUTE
  Relative segment, address: DATA 0000007C - 0000007C (0x1 bytes), align: 0
  Segment part 5. ROOT        Intra module refs:   updateDiagnostics
           ENTRY                   ADDRESS         REF BY
           =====                   =======         ======
           _A_ADMUX                0000007C 
           LOCAL                   ADDRESS         
           =====                   =======         
           ADMUX                   0000007C 
    -------------------------------------------------------------------------
ABSOLUTE
  Relative segment, address: DATA 0000007A - 0000007A (0x1 bytes), align: 0
  Segment part 6. ROOT        Intra module refs:   initDiagnostics
                                                   processNMTstateChange (nmtSlave)
                                                   updateDiagnostics
           ENTRY                   ADDRESS         REF BY
           =====                   =======         ======
           _A_ADCSRA               0000007A 
           LOCAL                   ADDRESS         
           =====                   =======         
           ADCSRA                  0000007A 
    -------------------------------------------------------------------------
ABSOLUTE
  Relative segment, address: DATA 00000078 - 00000079 (0x2 bytes), align: 0
  Segment part 7. ROOT        Intra module refs:   updateDiagnostics
           ENTRY                   ADDRESS         REF BY
           =====                   =======         ======
           _A_ADC                  00000078 
           LOCAL                   ADDRESS         
           =====                   =======         
           ADC                     00000078 
           ADCH                    00000079 
           ADCL                    00000078 
    -------------------------------------------------------------------------
ABSOLUTE
  Relative segment, address: DATA 0000002E - 0000002E (0x1 bytes), align: 0
  Segment part 8. ROOT        Intra module refs:   processNMTstateChange (nmtSlave)
                                                   stimTick_ISR (scheduler)
                                                   sys_init (app)
                                                   updateAccelerometer
                                                   updateStimTask (stimTask)
           ENTRY                   ADDRESS         REF BY
           =====                   =======         ======
           _A_PORTE                0000002E 
           LOCAL                   ADDRESS         
           =====                   =======         
           PORTE                   0000002E 
    -------------------------------------------------------------------------
ABSOLUTE
  Relative segment, address: DATA 00000022 - 00000022 (0x1 bytes), align: 0
  Segment part 9. ROOT        Intra module refs:   EEPROM_read (eedata)
                                                   EEPROM_write (eedata)
                                                   ReadLocalFlashData (eedata)
                                                   StimPulse (pulseGen)
                                                   runStimTask (stimTask)
                                                   runTemperatureTask
                                                   sys_init (app)
                                                   updateDiagnostics
           ENTRY                   ADDRESS         REF BY
           =====                   =======         ======
           _A_PORTA                00000022 
           LOCAL                   ADDRESS         
           =====                   =======         
           PORTA                   00000022 
    -------------------------------------------------------------------------
NEAR_I
  Relative segment, address: DATA 00000390 - 00000445 (0xb6 bytes), align: 0
  Segment part 16.            Intra module refs:   atanT
           LOCAL                   ADDRESS         
           =====                   =======         
           TAN                     00000390 
    -------------------------------------------------------------------------
CODE
  Relative segment, address: CODE 0000019A - 000001AB (0x12 bytes), align: 1
  Segment part 34.
           ENTRY                   ADDRESS         REF BY
           =====                   =======         ======
           sleepAccelerometer      0000019A        processNMTstateChange (nmtSlave)
               calls direct
               RSTACK = 00000000 ( 00000002 )
               CSTACK = 00000000 ( 00000001 )
    -------------------------------------------------------------------------
CODE
  Relative segment, address: CODE 000001AC - 000001C3 (0x18 bytes), align: 1
  Segment part 35.
           ENTRY                   ADDRESS         REF BY
           =====                   =======         ======
           initAccelerometer       000001AC        main (app)
               calls direct
               RSTACK = 00000000 ( 00000002 )
               CSTACK = 00000000 ( 00000001 )
    -------------------------------------------------------------------------
CODE
  Relative segment, address: CODE 000001C4 - 00000479 (0x2b6 bytes), align: 1
  Segment part 36.
           ENTRY                   ADDRESS         REF BY
           =====                   =======         ======
           updateAccelerometer     000001C4        main (app)
               calls direct
               RSTACK = 00000000 ( 00000004 )
               CSTACK = 00000000 ( 0000000D )
    -------------------------------------------------------------------------
NEAR_I
  Relative segment, address: DATA 00000446 - 00000446 (0x1 bytes), align: 0
  Segment part 19.            Intra module refs:   updateAccelerometer
           LOCAL                   ADDRESS         
           =====                   =======         
           updateAccelerometer::taskDelayMSecs
                                   00000446 
    -------------------------------------------------------------------------
NEAR_Z
  Relative segment, address: DATA 00000B94 - 00000B97 (0x4 bytes), align: 0
  Segment part 21.            Intra module refs:   updateAccelerometer
           LOCAL                   ADDRESS         
           =====                   =======         
           updateAccelerometer::tDelayRef
                                   00000B94 
    -------------------------------------------------------------------------
NEAR_Z
  Relative segment, address: DATA 00000B98 - 00000BAB (0x14 bytes), align: 0
  Segment part 23.            Intra module refs:   updateAccelerometer
           LOCAL                   ADDRESS         
           =====                   =======         
           updateAccelerometer::xBuf
                                   00000B98 
    -------------------------------------------------------------------------
NEAR_Z
  Relative segment, address: DATA 00000BAC - 00000BBF (0x14 bytes), align: 0
  Segment part 24.            Intra module refs:   updateAccelerometer
           LOCAL                   ADDRESS         
           =====                   =======         
           updateAccelerometer::yBuf
                                   00000BAC 
    -------------------------------------------------------------------------
NEAR_Z
  Relative segment, address: DATA 00000BC0 - 00000BD3 (0x14 bytes), align: 0
  Segment part 25.            Intra module refs:   updateAccelerometer
           LOCAL                   ADDRESS         
           =====                   =======         
           updateAccelerometer::zBuf
                                   00000BC0 
    -------------------------------------------------------------------------
NEAR_Z
  Relative segment, address: DATA 00000BD4 - 00000BD4 (0x1 bytes), align: 0
  Segment part 26.            Intra module refs:   updateAccelerometer
           LOCAL                   ADDRESS         
           =====                   =======         
           updateAccelerometer::cnt
                                   00000BD4 
    -------------------------------------------------------------------------
CODE
  Relative segment, address: CODE 0000047A - 00000503 (0x8a bytes), align: 1
  Segment part 37.
           ENTRY                   ADDRESS         REF BY
           =====                   =======         ======
           runTemperatureTask      0000047A        main (app)
               calls direct
               RSTACK = 00000000 ( 00000004 )
               CSTACK = 00000000 ( 00000002 )
    -------------------------------------------------------------------------
NEAR_I
  Relative segment, address: DATA 00000447 - 00000447 (0x1 bytes), align: 0
  Segment part 27.            Intra module refs:   runTemperatureTask
           LOCAL                   ADDRESS         
           =====                   =======         
           runTemperatureTask::taskDelaySecs
                                   00000447 
    -------------------------------------------------------------------------
NEAR_Z
  Relative segment, address: DATA 00000BD5 - 00000BD8 (0x4 bytes), align: 0
  Segment part 29.            Intra module refs:   runTemperatureTask
           LOCAL                   ADDRESS         
           =====                   =======         
           runTemperatureTask::tDelayRef
                                   00000BD5 
    -------------------------------------------------------------------------
CODE
  Relative segment, address: CODE 00000504 - 0000050B (0x8 bytes), align: 1
  Segment part 38.
           ENTRY                   ADDRESS         REF BY
           =====                   =======         ======
           initDiagnostics         00000504        main (app)
               RSTACK = 00000000 ( 00000002 )
    -------------------------------------------------------------------------
CODE
  Relative segment, address: CODE 0000050C - 000005C5 (0xba bytes), align: 1
  Segment part 39.
           ENTRY                   ADDRESS         REF BY
           =====                   =======         ======
           updateDiagnostics       0000050C        main (app)
               calls direct
               RSTACK = 00000000 ( 00000002 )
    -------------------------------------------------------------------------
NEAR_I
  Relative segment, address: DATA 00000448 - 00000448 (0x1 bytes), align: 0
  Segment part 30.            Intra module refs:   updateDiagnostics
           LOCAL                   ADDRESS         
           =====                   =======         
           updateDiagnostics::taskDelayMSecs
                                   00000448 
    -------------------------------------------------------------------------
NEAR_Z
  Relative segment, address: DATA 00000BD9 - 00000BDC (0x4 bytes), align: 0
  Segment part 32.            Intra module refs:   updateDiagnostics
           LOCAL                   ADDRESS         
           =====                   =======         
           updateDiagnostics::tDelayRef
                                   00000BD9 
    -------------------------------------------------------------------------
NEAR_Z
  Relative segment, address: DATA 00000BDD - 00000BDD (0x1 bytes), align: 0
  Segment part 33.            Intra module refs:   updateDiagnostics
           LOCAL                   ADDRESS         
           =====                   =======         
           updateDiagnostics::ch   00000BDD 
    -------------------------------------------------------------------------
CODE
  Relative segment, address: CODE 000005C6 - 0000061B (0x56 bytes), align: 1
  Segment part 40.            Intra module refs:   updateAccelerometer
           LOCAL                   ADDRESS         
           =====                   =======         
           atanT                   000005C6 
               RSTACK = 00000000 ( 00000002 )
    -------------------------------------------------------------------------
CODE
  Relative segment, address: CODE 0000061C - 00000645 (0x2a bytes), align: 1
  Segment part 41.            Intra module refs:   updateAccelerometer
           LOCAL                   ADDRESS         
           =====                   =======         
           intsqrt                 0000061C 
               RSTACK = 00000000 ( 00000002 )
    -------------------------------------------------------------------------
CODE
  Relative segment, address: CODE 00000646 - 00000681 (0x3c bytes), align: 1
  Segment part 42.            Intra module refs:   initAccelerometer
                                                   sleepAccelerometer
           LOCAL                   ADDRESS         
           =====                   =======         
           putAccelReg             00000646 
               calls direct
               RSTACK = 00000000 ( 00000002 )
               CSTACK = 00000000 ( 00000007 )
    -------------------------------------------------------------------------
CODE
  Relative segment, address: CODE 00000682 - 000006D1 (0x50 bytes), align: 1
  Segment part 43.            Intra module refs:   updateAccelerometer
           LOCAL                   ADDRESS         
           =====                   =======         
           getAccelReg             00000682 
               calls direct
               RSTACK = 00000000 ( 00000002 )
               CSTACK = 00000000 ( 00000007 )
    -------------------------------------------------------------------------
CODE
  Relative segment, address: CODE 000006D2 - 00000721 (0x50 bytes), align: 1
  Segment part 44.            Intra module refs:   runTemperatureTask
           LOCAL                   ADDRESS         
           =====                   =======         
           getTempReg              000006D2 
               calls direct
               RSTACK = 00000000 ( 00000002 )
               CSTACK = 00000000 ( 00000007 )
    -------------------------------------------------------------------------
CODE
  Relative segment, address: CODE 00000722 - 00000747 (0x26 bytes), align: 1
  Segment part 45.            Intra module refs:   getAccelReg
                                                   getTempReg
                                                   putAccelReg
           LOCAL                   ADDRESS         
           =====                   =======         
           startTwi                00000722 
               RSTACK = 00000000 ( 00000002 )
    -------------------------------------------------------------------------
CODE
  Relative segment, address: CODE 00000748 - 0000074F (0x8 bytes), align: 1
  Segment part 46.            Intra module refs:   getAccelReg
                                                   getTempReg
                                                   putAccelReg
           LOCAL                   ADDRESS         
           =====                   =======         
           stopTwi                 00000748 
               RSTACK = 00000000 ( 00000002 )
    -------------------------------------------------------------------------
CODE
  Relative segment, address: CODE 00000750 - 00000791 (0x42 bytes), align: 1
  Segment part 47.            Intra module refs:   getAccelReg
                                                   getTempReg
                                                   putAccelReg
           LOCAL                   ADDRESS         
           =====                   =======         
           sendTwiData             00000750 
               RSTACK = 00000000 ( 00000002 )
    -------------------------------------------------------------------------
CODE
  Relative segment, address: CODE 00000792 - 000007DF (0x4e bytes), align: 1
  Segment part 48.            Intra module refs:   getAccelReg
                                                   getTempReg
           LOCAL                   ADDRESS         
           =====                   =======         
           readTwiData             00000792 
               RSTACK = 00000000 ( 00000002 )
    -------------------------------------------------------------------------
ABSOLUTE
  Relative segment, address: DATA 0000001F, align: 0
  Segment part 10. ROOT 
           ENTRY                   ADDRESS         REF BY
           =====                   =======         ======
           __?EECR                 0000001F 
    -------------------------------------------------------------------------
ABSOLUTE
  Relative segment, address: DATA 00000020, align: 0
  Segment part 11. ROOT 
           ENTRY                   ADDRESS         REF BY
           =====                   =======         ======
           __?EEDR                 00000020 
    -------------------------------------------------------------------------
ABSOLUTE
  Relative segment, address: DATA 00000021, align: 0
  Segment part 12. ROOT 
           ENTRY                   ADDRESS         REF BY
           =====                   =======         ======
           __?EEARL                00000021 
    -------------------------------------------------------------------------
ABSOLUTE
  Relative segment, address: DATA 00000022, align: 0
  Segment part 13. ROOT 
           ENTRY                   ADDRESS         REF BY
           =====                   =======         ======
           __?EEARH                00000022 
    -------------------------------------------------------------------------
NEAR_ID
  Relative segment, address: CODE 000080C0 - 00008175 (0xb6 bytes), align: 0
  Segment part 17.            Intra module refs:   TAN
    -------------------------------------------------------------------------
INITTAB
  Relative segment, address: CODE 000080B2 - 000080B8 (0x7 bytes), align: 0
  Segment part 18.            Intra module refs:   AutoSyncTime (ObjDict)
                                                   Channel_Config_AmpMax (ObjDict)
                                                   Channel_Config_Period (ObjDict)
                                                   Channel_IPI (ObjDict)
                                                   Channel_MinVOS (ObjDict)
                                                   Channel_StimVOS (ObjDict)
                                                   DiagnosticsEnabled (ObjDict)
                                                   DischargeTime (ObjDict)
                                                   MaxAutoSyncCount (ObjDict)
                                                   MinVOSsteps (ObjDict)
                                                   ObjDict_Data (ObjDict)
                                                   ObjDict_Index1000 (ObjDict)
                                                   ObjDict_Index1001 (ObjDict)
                                                   ObjDict_Index1006 (ObjDict)
                                                   ObjDict_Index1008 (ObjDict)
                                                   ObjDict_Index1017 (ObjDict)
                                                   ObjDict_Index1018 (ObjDict)
                                                   ObjDict_Index1200 (ObjDict)
                                                   ObjDict_Index1400 (ObjDict)
                                                   ObjDict_Index1600 (ObjDict)
                                                   ObjDict_Index1800 (ObjDict)
                                                   ObjDict_Index1A00 (ObjDict)
                                                   ObjDict_Index2000 (ObjDict)
                                                   ObjDict_Index2001 (ObjDict)
                                                   ObjDict_Index2002 (ObjDict)
                                                   ObjDict_Index2003 (ObjDict)
                                                   ObjDict_Index2010 (ObjDict)
                                                   ObjDict_Index2011 (ObjDict)
                                                   ObjDict_Index2012 (ObjDict)
                                                   ObjDict_Index2020 (ObjDict)
                                                   ObjDict_Index2500 (ObjDict)
                                                   ObjDict_Index2800 (ObjDict)
                                                   ObjDict_Index2801 (ObjDict)
                                                   ObjDict_Index2900 (ObjDict)
                                                   ObjDict_Index3000 (ObjDict)
                                                   ObjDict_Index3200 (ObjDict)
                                                   ObjDict_Index3210 (ObjDict)
                                                   ObjDict_Index3211 (ObjDict)
                                                   ObjDict_Index3212 (ObjDict)
                                                   ObjDict_Index3213 (ObjDict)
                                                   ObjDict_Index3300 (ObjDict)
                                                   ObjDict_Index3301 (ObjDict)
                                                   ObjDict_ObjdictSize (ObjDict)
                                                   ObjDict_PDO_status (ObjDict)
                                                   ObjDict_bDeviceNodeId (ObjDict)
                                                   ObjDict_firstIndex (ObjDict)
                                                   ObjDict_highestSubIndex_obj1018 (ObjDict)
                                                   ObjDict_highestSubIndex_obj1200 (ObjDict)
                                                   ObjDict_highestSubIndex_obj1400 (ObjDict)
                                                   ObjDict_highestSubIndex_obj1600 (ObjDict)
                                                   ObjDict_highestSubIndex_obj1800 (ObjDict)
                                                   ObjDict_highestSubIndex_obj1A00 (ObjDict)
                                                   ObjDict_highestSubIndex_obj2000 (ObjDict)
                                                   ObjDict_highestSubIndex_obj2001 (ObjDict)
                                                   ObjDict_highestSubIndex_obj2002 (ObjDict)
                                                   ObjDict_highestSubIndex_obj2003 (ObjDict)
                                                   ObjDict_highestSubIndex_obj2010 (ObjDict)
                                                   ObjDict_highestSubIndex_obj2011 (ObjDict)
                                                   ObjDict_highestSubIndex_obj2012 (ObjDict)
                                                   ObjDict_highestSubIndex_obj2020 (ObjDict)
                                                   ObjDict_highestSubIndex_obj2500 (ObjDict)
                                                   ObjDict_highestSubIndex_obj2800 (ObjDict)
                                                   ObjDict_highestSubIndex_obj2801 (ObjDict)
                                                   ObjDict_highestSubIndex_obj2900 (ObjDict)
                                                   ObjDict_highestSubIndex_obj3000 (ObjDict)
                                                   ObjDict_highestSubIndex_obj3200 (ObjDict)
                                                   ObjDict_highestSubIndex_obj3210 (ObjDict)
                                                   ObjDict_highestSubIndex_obj3211 (ObjDict)
                                                   ObjDict_highestSubIndex_obj3212 (ObjDict)
                                                   ObjDict_highestSubIndex_obj3213 (ObjDict)
                                                   ObjDict_highestSubIndex_obj3300 (ObjDict)
                                                   ObjDict_highestSubIndex_obj3301 (ObjDict)
                                                   ObjDict_iam_a_slave (ObjDict)
                                                   ObjDict_lastIndex (ObjDict)
                                                   ObjDict_obj1000 (ObjDict)
                                                   ObjDict_obj1006 (ObjDict)
                                                   ObjDict_obj1008 (ObjDict)
                                                   ObjDict_obj1014 (ObjDict)
                                                   ObjDict_obj1017 (ObjDict)
                                                   ObjDict_obj1018_Product_Code (ObjDict)
                                                   ObjDict_obj1018_Revision_Number (ObjDict)
                                                   ObjDict_obj1018_Vendor_ID (ObjDict)
                                                   ObjDict_obj1200_COB_ID_Client_to_Server_Receive_SDO (ObjDict)
                                                   ObjDict_obj1200_COB_ID_Server_to_Client_Transmit_SDO (ObjDict)
                                                   ObjDict_obj1400_Transmission_Type (ObjDict)
                                                   ObjDict_obj1800_COB_ID_used_by_PDO (ObjDict)
                                                   ObjDict_obj1800_Transmission_Type (ObjDict)
                                                   ObjDict_objdict (ObjDict)
                                                   RestoreList (ObjDict)
                                                   Segment part 15 (states)
                                                   Segment part 41 (can_AVR)
                                                   Status_NodeId (ObjDict)
                                                   Status_numRPDO (ObjDict)
                                                   Status_numTPDO (ObjDict)
                                                   StimTiming (ObjDict)
                                                   StimVOSsteps (ObjDict)
                                                   SyncInterval (ObjDict)
                                                   TAN
                                                   last_timer_raw (timer)
                                                   outEnablePin (pulseGen)
                                                   runTemperatureTask::taskDelaySecs
                                                   tempNodeID (app)
                                                   total_sleep_time (timer)
                                                   updateAccelerometer::taskDelayMSecs
                                                   updateDiagnostics::taskDelayMSecs
           ENTRY                   ADDRESS         REF BY
           =====                   =======         ======
           ?<Segment init: NEAR_I>
                                   000080B2 
    -------------------------------------------------------------------------
NEAR_ID
  Relative segment, address: CODE 00008176 - 00008176 (0x1 bytes), align: 0
  Segment part 20.            Intra module refs:   updateAccelerometer::taskDelayMSecs
    -------------------------------------------------------------------------
INITTAB
  Relative segment, address: CODE 000080B9 - 000080BF (0x7 bytes), align: 0
  Segment part 22.            Intra module refs:   AccelerometerSettings (ObjDict)
                                                   Accelerometers (ObjDict)
                                                   AccelerometersFiltered (ObjDict)
                                                   AccelerometersTilt (ObjDict)
                                                   ActiveFunctionGroups (ObjDict)
                                                   ActualStimTiming (ObjDict)
                                                   AddressRequest (ObjDict)
                                                   AutoSyncCount (ObjDict)
                                                   BitErrors (can_AVR)
                                                   CAN_BitErrors (ObjDict)
                                                   CAN_FormErrors (ObjDict)
                                                   CAN_Interrupts_Off (ObjDict)
                                                   CAN_OtherErrors (ObjDict)
                                                   CAN_Receive_BEI (ObjDict)
                                                   CAN_Receive_Messages (ObjDict)
                                                   CAN_Rx_ErrCounter (ObjDict)
                                                   CAN_StuffErrors (ObjDict)
                                                   CAN_TotalErrors (ObjDict)
                                                   CAN_Transmit_Messages (ObjDict)
                                                   CAN_Tx_ErrCounter (ObjDict)
                                                   Chan1_SetValues (ObjDict)
                                                   Chan2_SetValues (ObjDict)
                                                   Chan3_SetValues (ObjDict)
                                                   Chan4_SetValues (ObjDict)
                                                   Channel_InRegulation (ObjDict)
                                                   CommandValues (ObjDict)
                                                   Control_CurrentGroup (ObjDict)
                                                   Control_ScriptStatus (ObjDict)
                                                   Control_profileSelect (ObjDict)
                                                   Control_profileWrite (ObjDict)
                                                   Diagnostic_3V3 (ObjDict)
                                                   Diagnostic_VIC (ObjDict)
                                                   Diagnostic_VIN (ObjDict)
                                                   Diagnostic_VOS (ObjDict)
                                                   FormErrors (can_AVR)
                                                   FuncGroup_ChanPattern01 (ObjDict)
                                                   FuncGroup_ChanPattern02 (ObjDict)
                                                   FuncGroup_ChanPattern03 (ObjDict)
                                                   FuncGroup_ChanPattern04 (ObjDict)
                                                   FuncGroup_ChanPattern05 (ObjDict)
                                                   FuncGroup_ChanPattern06 (ObjDict)
                                                   FuncGroup_ChanPattern07 (ObjDict)
                                                   FuncGroup_ChanPattern08 (ObjDict)
                                                   FuncGroup_ChanPattern09 (ObjDict)
                                                   FuncGroup_ChanPattern10 (ObjDict)
                                                   FuncGroup_ChanPattern11 (ObjDict)
                                                   FuncGroup_ChanPattern12 (ObjDict)
                                                   FuncGroup_ChanPattern13 (ObjDict)
                                                   FuncGroup_ChanPattern14 (ObjDict)
                                                   FuncGroup_ChanPattern15 (ObjDict)
                                                   FuncGroup_ChanPattern16 (ObjDict)
                                                   FuncGroup_ChanPattern17 (ObjDict)
                                                   FuncGroup_ChanPattern18 (ObjDict)
                                                   FuncGroup_ChanPattern19 (ObjDict)
                                                   FuncGroup_ChanPattern20 (ObjDict)
                                                   FuncGroup_ChanPattern21 (ObjDict)
                                                   FuncGroup_ChanPattern22 (ObjDict)
                                                   FuncGroup_ChanPattern23 (ObjDict)
                                                   FuncGroup_ChanPattern24 (ObjDict)
                                                   FuncGroup_ChanPattern25 (ObjDict)
                                                   FuncGroup_ChanPattern26 (ObjDict)
                                                   FuncGroup_ChanPattern27 (ObjDict)
                                                   FuncGroup_ChanPattern28 (ObjDict)
                                                   FuncGroup_ChanPattern29 (ObjDict)
                                                   FuncGroup_ChanPattern30 (ObjDict)
                                                   FuncGroup_ChanPattern31 (ObjDict)
                                                   FuncGroup_ChanPattern32 (ObjDict)
                                                   FuncGroup_ChanPattern33 (ObjDict)
                                                   FuncGroup_ChanPattern34 (ObjDict)
                                                   FuncGroup_ChanPattern35 (ObjDict)
                                                   FuncGroup_ChanPattern36 (ObjDict)
                                                   FuncGroup_ChanPattern37 (ObjDict)
                                                   FuncGroup_ChanPattern38 (ObjDict)
                                                   FuncGroup_ChanPattern39 (ObjDict)
                                                   FuncGroup_ChanPattern40 (ObjDict)
                                                   FuncGroup_ChanPattern41 (ObjDict)
                                                   FuncGroup_ChanPattern42 (ObjDict)
                                                   FuncGroup_ChanPattern43 (ObjDict)
                                                   FuncGroup_ChanPattern44 (ObjDict)
                                                   FuncGroup_ChanPattern45 (ObjDict)
                                                   FuncGroup_ChanPattern46 (ObjDict)
                                                   FuncGroup_ChanPattern47 (ObjDict)
                                                   FuncGroup_ChanPattern48 (ObjDict)
                                                   MaxActualStimTiming (ObjDict)
                                                   MaxAutoSyncExceededCount (ObjDict)
                                                   Num_ChanPatterns (ObjDict)
                                                   ObjDict_Index1017_callbacks (ObjDict)
                                                   ObjDict_Index1800_callbacks (ObjDict)
                                                   ObjDict_heartBeatTimers (ObjDict)
                                                   ObjDict_highestSubIndex_obj1003 (ObjDict)
                                                   ObjDict_highestSubIndex_obj1016 (ObjDict)
                                                   ObjDict_obj1001 (ObjDict)
                                                   ObjDict_obj1003 (ObjDict)
                                                   ObjDict_obj1005 (ObjDict)
                                                   ObjDict_obj1016 (ObjDict)
                                                   ObjDict_obj1018_Serial_Number (ObjDict)
                                                   ObjDict_obj1400_Compatibility_Entry (ObjDict)
                                                   ObjDict_obj1400_Event_Timer (ObjDict)
                                                   ObjDict_obj1400_Inhibit_Time (ObjDict)
                                                   ObjDict_obj1400_Source_Address (ObjDict)
                                                   ObjDict_obj1600 (ObjDict)
                                                   ObjDict_obj1800_Compatibility_Entry (ObjDict)
                                                   ObjDict_obj1800_Event_Timer (ObjDict)
                                                   ObjDict_obj1800_Inhibit_Time (ObjDict)
                                                   ObjDict_obj1A00 (ObjDict)
                                                   OtherErrors (can_AVR)
                                                   ReadMemoryData (ObjDict)
                                                   SetupAnode (ObjDict)
                                                   Status_NodeTest (ObjDict)
                                                   Status_TestValue (ObjDict)
                                                   Status_channelSelect (ObjDict)
                                                   Status_modeSelect (ObjDict)
                                                   Status_profileSelect (ObjDict)
                                                   Status_profileWrite (ObjDict)
                                                   StuffErrors (can_AVR)
                                                   SyncPush (ObjDict)
                                                   Temperature (ObjDict)
                                                   TotalAutoSyncCount (ObjDict)
                                                   X_ChannelMap (ObjDict)
                                                   X_Network (ObjDict)
                                                   Y_Current (ObjDict)
                                                   addressCounter (ObjDict)
                                                   ampValues_PatternTransfer (ObjDict)
                                                   blink (app)
                                                   channel_PatternTransfer (ObjDict)
                                                   clockRate (ObjDict)
                                                   commandID_PatternTransfer (ObjDict)
                                                   frame (pulseGen)
                                                   frame (stimTask)
                                                   lastRequestedAddress (app)
                                                   last_time_set (timer_AVR)
                                                   m (runcanserver)
                                                   memorySelect (ObjDict)
                                                   msg_received (can_AVR)
                                                   numPoints_PatternTransfer (ObjDict)
                                                   numScheduledStimChannels (scheduler)
                                                   odPattern (stimTask)
                                                   pwValues_PatternTransfer (ObjDict)
                                                   runTemperatureTask::tDelayRef
                                                   setupComplete (scheduler)
                                                   setupVOSComplete (pulseGen)
                                                   startPulse (scheduler)
                                                   statusByteMemory (ObjDict)
                                                   stimTick_ISR::channelsCompleted (scheduler)
                                                   stimTick_ISR::dischargeCounter (scheduler)
                                                   stimTick_ISR::initStimVOS (scheduler)
                                                   stimTick_ISR::tick (scheduler)
                                                   syncCount (scheduler)
                                                   syncPulse (can_AVR)
                                                   sysTimer (scheduler)
                                                   tickCount (scheduler)
                                                   timers (timer)
                                                   triggerReadMemory (ObjDict)
                                                   updateAccelerometer::cnt
                                                   updateAccelerometer::tDelayRef
                                                   updateAccelerometer::xBuf
                                                   updateAccelerometer::yBuf
                                                   updateAccelerometer::zBuf
                                                   updateDiagnostics::ch
                                                   updateDiagnostics::tDelayRef
                                                   vosTiming (scheduler)
                                                   wdogCoData (nmtSlave)
                                                   writeByteMemory (ObjDict)
                                                   xValues_PatternTransfer (ObjDict)
           ENTRY                   ADDRESS         REF BY
           =====                   =======         ======
           ?<Segment init: NEAR_Z>
                                   000080B9 
    -------------------------------------------------------------------------
NEAR_ID
  Relative segment, address: CODE 00008177 - 00008177 (0x1 bytes), align: 0
  Segment part 28.            Intra module refs:   runTemperatureTask::taskDelaySecs
    -------------------------------------------------------------------------
NEAR_ID
  Relative segment, address: CODE 00008178 - 00008178 (0x1 bytes), align: 0
  Segment part 31.            Intra module refs:   updateDiagnostics::taskDelayMSecs

    *************************************************************************

  FILE NAME : C:\Users\Joris\Documents\Repositories\NNP\stim\trunk\app\Debug\Obj\app.r90
  PROGRAM MODULE, NAME : app

  SEGMENTS IN THE MODULE
  ======================
ABSOLUTE
  Relative segment, address: DATA 000000D8 - 000000D8 (0x1 bytes), align: 0
  Segment part 1. ROOT        Intra module refs:   UpdateCANerrors (can_AVR)
                                                   canInit (can_AVR)
                                                   sys_init
           ENTRY                   ADDRESS         REF BY
           =====                   =======         ======
           _A_CANGCON              000000D8 
           LOCAL                   ADDRESS         
           =====                   =======         
           CANGCON                 000000D8 
    -------------------------------------------------------------------------
ABSOLUTE
  Relative segment, address: DATA 0000007F - 0000007F (0x1 bytes), align: 0
  Segment part 2. ROOT        Intra module refs:   sys_init
           ENTRY                   ADDRESS         REF BY
           =====                   =======         ======
           _A_DIDR1                0000007F 
           LOCAL                   ADDRESS         
           =====                   =======         
           DIDR1                   0000007F 
    -------------------------------------------------------------------------
ABSOLUTE
  Relative segment, address: DATA 0000007E - 0000007E (0x1 bytes), align: 0
  Segment part 3. ROOT        Intra module refs:   sys_init
           ENTRY                   ADDRESS         REF BY
           =====                   =======         ======
           _A_DIDR0                0000007E 
           LOCAL                   ADDRESS         
           =====                   =======         
           DIDR0                   0000007E 
    -------------------------------------------------------------------------
ABSOLUTE
  Relative segment, address: DATA 00000061 - 00000061 (0x1 bytes), align: 0
  Segment part 4. ROOT        Intra module refs:   sys_init
           ENTRY                   ADDRESS         REF BY
           =====                   =======         ======
           _A_CLKPR                00000061 
           LOCAL                   ADDRESS         
           =====                   =======         
           CLKPR                   00000061 
    -------------------------------------------------------------------------
ABSOLUTE
  Relative segment, address: DATA 00000060 - 00000060 (0x1 bytes), align: 0
  Segment part 5. ROOT        Intra module refs:   ResetModule (eedata)
                                                   sys_init
           ENTRY                   ADDRESS         REF BY
           =====                   =======         ======
           _A_WDTCR                00000060 
           LOCAL                   ADDRESS         
           =====                   =======         
           WDTCR                   00000060 
    -------------------------------------------------------------------------
ABSOLUTE
  Relative segment, address: DATA 00000053 - 00000053 (0x1 bytes), align: 0
  Segment part 6. ROOT        Intra module refs:   main
                                                   processNMTstateChange (nmtSlave)
           ENTRY                   ADDRESS         REF BY
           =====                   =======         ======
           _A_SMCR                 00000053 
           LOCAL                   ADDRESS         
           =====                   =======         
           SMCR                    00000053 
    -------------------------------------------------------------------------
ABSOLUTE
  Relative segment, address: DATA 0000004E - 0000004E (0x1 bytes), align: 0
  Segment part 7. ROOT        Intra module refs:   StimPulse (pulseGen)
                                                   configVOS (pulseGen)
                                                   initPulseGenerator (pulseGen)
           ENTRY                   ADDRESS         REF BY
           =====                   =======         ======
           _A_SPDR                 0000004E 
           LOCAL                   ADDRESS         
           =====                   =======         
           SPDR                    0000004E 
    -------------------------------------------------------------------------
ABSOLUTE
  Relative segment, address: DATA 0000004D - 0000004D (0x1 bytes), align: 0
  Segment part 8. ROOT        Intra module refs:   StimPulse (pulseGen)
                                                   configVOS (pulseGen)
                                                   initPulseGenerator (pulseGen)
           ENTRY                   ADDRESS         REF BY
           =====                   =======         ======
           _A_SPSR                 0000004D 
           LOCAL                   ADDRESS         
           =====                   =======         
           SPSR                    0000004D 
    -------------------------------------------------------------------------
ABSOLUTE
  Relative segment, address: DATA 00000034 - 00000034 (0x1 bytes), align: 0
  Segment part 9. ROOT        Intra module refs:   main
                                                   processNMTstateChange (nmtSlave)
                                                   sys_init
           ENTRY                   ADDRESS         REF BY
           =====                   =======         ======
           _A_PORTG                00000034 
           LOCAL                   ADDRESS         
           =====                   =======         
           PORTG                   00000034 
    -------------------------------------------------------------------------
ABSOLUTE
  Relative segment, address: DATA 00000033 - 00000033 (0x1 bytes), align: 0
  Segment part 10. ROOT       Intra module refs:   sys_init
           ENTRY                   ADDRESS         REF BY
           =====                   =======         ======
           _A_DDRG                 00000033 
           LOCAL                   ADDRESS         
           =====                   =======         
           DDRG                    00000033 
    -------------------------------------------------------------------------
ABSOLUTE
  Relative segment, address: DATA 00000031 - 00000031 (0x1 bytes), align: 0
  Segment part 11. ROOT       Intra module refs:   sys_init
           ENTRY                   ADDRESS         REF BY
           =====                   =======         ======
           _A_PORTF                00000031 
           LOCAL                   ADDRESS         
           =====                   =======         
           PORTF                   00000031 
    -------------------------------------------------------------------------
ABSOLUTE
  Relative segment, address: DATA 00000030 - 00000030 (0x1 bytes), align: 0
  Segment part 12. ROOT       Intra module refs:   sys_init
           ENTRY                   ADDRESS         REF BY
           =====                   =======         ======
           _A_DDRF                 00000030 
           LOCAL                   ADDRESS         
           =====                   =======         
           DDRF                    00000030 
    -------------------------------------------------------------------------
ABSOLUTE
  Relative segment, address: DATA 0000002D - 0000002D (0x1 bytes), align: 0
  Segment part 14. ROOT       Intra module refs:   processNMTstateChange (nmtSlave)
                                                   sys_init
           ENTRY                   ADDRESS         REF BY
           =====                   =======         ======
           _A_DDRE                 0000002D 
           LOCAL                   ADDRESS         
           =====                   =======         
           DDRE                    0000002D 
    -------------------------------------------------------------------------
ABSOLUTE
  Relative segment, address: DATA 0000002B - 0000002B (0x1 bytes), align: 0
  Segment part 15. ROOT       Intra module refs:   canInit (can_AVR)
                                                   sys_init
           ENTRY                   ADDRESS         REF BY
           =====                   =======         ======
           _A_PORTD                0000002B 
           LOCAL                   ADDRESS         
           =====                   =======         
           PORTD                   0000002B 
    -------------------------------------------------------------------------
ABSOLUTE
  Relative segment, address: DATA 0000002A - 0000002A (0x1 bytes), align: 0
  Segment part 16. ROOT       Intra module refs:   canInit (can_AVR)
                                                   sys_init
           ENTRY                   ADDRESS         REF BY
           =====                   =======         ======
           _A_DDRD                 0000002A 
           LOCAL                   ADDRESS         
           =====                   =======         
           DDRD                    0000002A 
    -------------------------------------------------------------------------
ABSOLUTE
  Relative segment, address: DATA 00000028 - 00000028 (0x1 bytes), align: 0
  Segment part 17. ROOT       Intra module refs:   StimPulse (pulseGen)
                                                   configVOS (pulseGen)
                                                   initPulseGenerator (pulseGen)
                                                   processNMTstateChange (nmtSlave)
                                                   stimTick_ISR (scheduler)
                                                   sys_init
           ENTRY                   ADDRESS         REF BY
           =====                   =======         ======
           _A_PORTC                00000028 
           LOCAL                   ADDRESS         
           =====                   =======         
           PORTC                   00000028 
    -------------------------------------------------------------------------
ABSOLUTE
  Relative segment, address: DATA 00000027 - 00000027 (0x1 bytes), align: 0
  Segment part 18. ROOT       Intra module refs:   sys_init
           ENTRY                   ADDRESS         REF BY
           =====                   =======         ======
           _A_DDRC                 00000027 
           LOCAL                   ADDRESS         
           =====                   =======         
           DDRC                    00000027 
    -------------------------------------------------------------------------
ABSOLUTE
  Relative segment, address: DATA 00000025 - 00000025 (0x1 bytes), align: 0
  Segment part 19. ROOT       Intra module refs:   StimPulse (pulseGen)
                                                   configVOS (pulseGen)
                                                   stimTick_ISR (scheduler)
                                                   sys_init
           ENTRY                   ADDRESS         REF BY
           =====                   =======         ======
           _A_PORTB                00000025 
           LOCAL                   ADDRESS         
           =====                   =======         
           PORTB                   00000025 
    -------------------------------------------------------------------------
ABSOLUTE
  Relative segment, address: DATA 00000024 - 00000024 (0x1 bytes), align: 0
  Segment part 20. ROOT       Intra module refs:   sys_init
           ENTRY                   ADDRESS         REF BY
           =====                   =======         ======
           _A_DDRB                 00000024 
           LOCAL                   ADDRESS         
           =====                   =======         
           DDRB                    00000024 
    -------------------------------------------------------------------------
ABSOLUTE
  Relative segment, address: DATA 00000021 - 00000021 (0x1 bytes), align: 0
  Segment part 22. ROOT       Intra module refs:   _sendPDOevent (pdo)
                                                   sys_init
           ENTRY                   ADDRESS         REF BY
           =====                   =======         ======
           _A_DDRA                 00000021 
           LOCAL                   ADDRESS         
           =====                   =======         
           DDRA                    00000021 
    -------------------------------------------------------------------------
NEAR_Z
  Relative segment, address: DATA 00000BDE - 00000BDF (0x2 bytes), align: 0
  Segment part 32.            Intra module refs:   main
           ENTRY                   ADDRESS         REF BY
           =====                   =======         ======
           blink                   00000BDE 
    -------------------------------------------------------------------------
NEAR_I
  Relative segment, address: DATA 00000449 - 00000449 (0x1 bytes), align: 0
  Segment part 34.            Intra module refs:   initNodeIDSerialNumber
           ENTRY                   ADDRESS         REF BY
           =====                   =======         ======
           tempNodeID              00000449 
    -------------------------------------------------------------------------
NEAR_Z
  Relative segment, address: DATA 00000BE0 - 00000BE0 (0x1 bytes), align: 0
  Segment part 36.            Intra module refs:   ReadEprom
                                                   ReadLocalFlashMemory
           ENTRY                   ADDRESS         REF BY
           =====                   =======         ======
           lastRequestedAddress    00000BE0 
    -------------------------------------------------------------------------
CODE
  Relative segment, address: CODE 000007E0 - 0000088F (0xb0 bytes), align: 1
  Segment part 38.
           ENTRY                   ADDRESS         REF BY
           =====                   =======         ======
           main                    000007E0        ?cstartup_call_main (?C_STARTUP)
               calls direct
               RSTACK = 00000000 ( 00000002 )
               CSTACK = 00000000 ( 00000002 )
    -------------------------------------------------------------------------
CODE
  Relative segment, address: CODE 00000890 - 000008C5 (0x36 bytes), align: 1
  Segment part 40.
           ENTRY                   ADDRESS         REF BY
           =====                   =======         ======
           isTimedOut              00000890        runTemperatureTask (acceltemp)
                                                   updateAccelerometer (acceltemp)
                                                   updateDiagnostics (acceltemp)
               calls direct
               RSTACK = 00000000 ( 00000002 )
               CSTACK = 00000000 ( 00000006 )
    -------------------------------------------------------------------------
CODE
  Relative segment, address: CODE 000008C6 - 000008DD (0x18 bytes), align: 1
  Segment part 41.
           ENTRY                   ADDRESS         REF BY
           =====                   =======         ======
           resetTimeOut            000008C6        runTemperatureTask (acceltemp)
                                                   updateAccelerometer (acceltemp)
                                                   updateDiagnostics (acceltemp)
               calls direct
               RSTACK = 00000000 ( 00000002 )
               CSTACK = 00000000 ( 00000002 )
    -------------------------------------------------------------------------
CODE
  Relative segment, address: CODE 000008DE - 0000094D (0x70 bytes), align: 1
  Segment part 42.
           ENTRY                   ADDRESS         REF BY
           =====                   =======         ======
           processSYNCMessageForApp
                                   000008DE        processSYNC (sync)
               RSTACK = 00000000 ( 00000002 )
    -------------------------------------------------------------------------
CODE
  Relative segment, address: CODE 0000094E - 00000969 (0x1c bytes), align: 1
  Segment part 43.
           ENTRY                   ADDRESS         REF BY
           =====                   =======         ======
           StartNodesFunc          0000094E        processNMTstateChange (nmtSlave)
               calls direct
               RSTACK = 00000000 ( 00000002 )
    -------------------------------------------------------------------------
CODE
  Relative segment, address: CODE 0000096A - 00000975 (0xc bytes), align: 1
  Segment part 44.
           ENTRY                   ADDRESS         REF BY
           =====                   =======         ======
           StopNodesFunc           0000096A        processNMTstateChange (nmtSlave)
               calls direct
               RSTACK = 00000000 ( 00000002 )
    -------------------------------------------------------------------------
CODE
  Relative segment, address: CODE 00000976 - 00000993 (0x1e bytes), align: 1
  Segment part 45.
           ENTRY                   ADDRESS         REF BY
           =====                   =======         ======
           EnterWaitingFunc        00000976        processNMTstateChange (nmtSlave)
               calls direct
               RSTACK = 00000000 ( 00000002 )
               CSTACK = 00000000 ( 00000002 )
    -------------------------------------------------------------------------
CODE
  Relative segment, address: CODE 00000994 - 000009CB (0x38 bytes), align: 1
  Segment part 46.
           ENTRY                   ADDRESS         REF BY
           =====                   =======         ======
           EnterPatientOperationFunc
                                   00000994        processNMTstateChange (nmtSlave)
               calls direct
               RSTACK = 00000000 ( 00000002 )
               CSTACK = 00000000 ( 00000002 )
    -------------------------------------------------------------------------
CODE
  Relative segment, address: CODE 000009CC - 00000A05 (0x3a bytes), align: 1
  Segment part 47.
           ENTRY                   ADDRESS         REF BY
           =====                   =======         ======
           EnterXManualFunc        000009CC        processNMTstateChange (nmtSlave)
               calls direct
               RSTACK = 00000000 ( 00000002 )
               CSTACK = 00000000 ( 00000002 )
    -------------------------------------------------------------------------
CODE
  Relative segment, address: CODE 00000A06 - 00000A35 (0x30 bytes), align: 1
  Segment part 48.
           ENTRY                   ADDRESS         REF BY
           =====                   =======         ======
           EnterYManualFunc        00000A06        processNMTstateChange (nmtSlave)
               calls direct
               RSTACK = 00000000 ( 00000002 )
               CSTACK = 00000000 ( 00000002 )
    -------------------------------------------------------------------------
CODE
  Relative segment, address: CODE 00000A36 - 00000A41 (0xc bytes), align: 1
  Segment part 49.
           ENTRY                   ADDRESS         REF BY
           =====                   =======         ======
           EnterStopStimFunc       00000A36        processNMTstateChange (nmtSlave)
               calls direct
               RSTACK = 00000000 ( 00000002 )
    -------------------------------------------------------------------------
CODE
  Relative segment, address: CODE 00000A42 - 00000A83 (0x42 bytes), align: 1
  Segment part 50.
           ENTRY                   ADDRESS         REF BY
           =====                   =======         ======
           EnterPatientManualFunc
                                   00000A42        processNMTstateChange (nmtSlave)
               calls direct
               RSTACK = 00000000 ( 00000002 )
               CSTACK = 00000000 ( 00000002 )
    -------------------------------------------------------------------------
CODE
  Relative segment, address: CODE 00000A84 - 00000AA5 (0x22 bytes), align: 1
  Segment part 51.
           ENTRY                   ADDRESS         REF BY
           =====                   =======         ======
           EnterProduceXManualFunc
                                   00000A84        processNMTstateChange (nmtSlave)
               calls direct
               RSTACK = 00000000 ( 00000002 )
    -------------------------------------------------------------------------
CODE
  Relative segment, address: CODE 00000AA6 - 00000ABF (0x1a bytes), align: 1
  Segment part 52.
           ENTRY                   ADDRESS         REF BY
           =====                   =======         ======
           EnterRecordXFunc        00000AA6        processNMTstateChange (nmtSlave)
               calls direct
               RSTACK = 00000000 ( 00000002 )
    -------------------------------------------------------------------------
CODE
  Relative segment, address: CODE 00000AC0 - 00000B13 (0x54 bytes), align: 1
  Segment part 53.            Intra module refs:   main
           ENTRY                   ADDRESS         REF BY
           =====                   =======         ======
           ReadMemory              00000AC0 
               calls direct
               RSTACK = 00000000 ( 00000002 )
    -------------------------------------------------------------------------
CODE
  Relative segment, address: CODE 00000B14 - 00000BFF (0xec bytes), align: 1
  Segment part 54.            Intra module refs:   ReadMemory
           ENTRY                   ADDRESS         REF BY
           =====                   =======         ======
           ReadLocalFlashMemory    00000B14 
               calls direct
               RSTACK = 00000000 ( 00000002 )
               CSTACK = 00000000 ( 00000004 )
    -------------------------------------------------------------------------
CODE
  Relative segment, address: CODE 00000C00 - 00000CDD (0xde bytes), align: 1
  Segment part 55.            Intra module refs:   ReadMemory
           ENTRY                   ADDRESS         REF BY
           =====                   =======         ======
           ReadEprom               00000C00 
               calls direct
[...]
                                                   SetAlarm (timer)
                                                   TimeDispatch (timer)
                                                   _sendPDOevent (pdo)
                                                   _setODentry (objacces)
                                                   buildPDO (pdo)
                                                   configPulseChannel (pulseGen)
                                                   failedSDO (sdo)
                                                   initSDOline (sdo)
                                                   lineToSDO (sdo)
                                                   objdictToSDOBlockline (sdo)
                                                   objdictToSDOline (sdo)
                                                   processNODE_GUARD (lifegrd)
                                                   processPDO (pdo)
                                                   processSDO (sdo)
                                                   resetSDOline (sdo)
                                                   setNodeId (states)
                                                   updateAccelerometer (acceltemp)

    -------------------------------------------------------------------------
  LIBRARY MODULE, NAME : ?REGISTER_CGREGR8_L10

  SEGMENTS IN THE MODULE
  ======================
CODE
  Relative segment, address: CODE 00007F52, align: 1
  Segment part 0.
           ENTRY                   ADDRESS         REF BY
           =====                   =======         ======
           ?Register_R8_is_cg_reg
                                   00007F52        SDOTimeoutAlarm (sdo)
                                                   SDOtoLine (sdo)
                                                   SetAlarm (timer)
                                                   TimeDispatch (timer)
                                                   _getODentry (objacces)
                                                   _sendPDOevent (pdo)
                                                   _setODentry (objacces)
                                                   buildPDO (pdo)
                                                   interpChannelWaveform (stimTask)
                                                   lineToSDO (sdo)
                                                   objdictToSDOBlockline (sdo)
                                                   processNODE_GUARD (lifegrd)
                                                   processPDO (pdo)
                                                   processSDO (sdo)
                                                   setNodeId (states)
                                                   updateAccelerometer (acceltemp)

    -------------------------------------------------------------------------
  LIBRARY MODULE, NAME : ?REGISTER_CGREGR9_L10

  SEGMENTS IN THE MODULE
  ======================
CODE
  Relative segment, address: CODE 00007F52, align: 1
  Segment part 0.
           ENTRY                   ADDRESS         REF BY
           =====                   =======         ======
           ?Register_R9_is_cg_reg
                                   00007F52        SDOTimeoutAlarm (sdo)
                                                   SDOtoLine (sdo)
                                                   SetAlarm (timer)
                                                   TimeDispatch (timer)
                                                   _getODentry (objacces)
                                                   _sendPDOevent (pdo)
                                                   _setODentry (objacces)
                                                   interpChannelWaveform (stimTask)
                                                   lineToSDO (sdo)
                                                   objdictToSDOBlockline (sdo)
                                                   processPDO (pdo)
                                                   processSDO (sdo)
                                                   setNodeId (states)
                                                   updateAccelerometer (acceltemp)

    -------------------------------------------------------------------------
  LIBRARY MODULE, NAME : ?REGISTER_CGREGR10_L10

  SEGMENTS IN THE MODULE
  ======================
CODE
  Relative segment, address: CODE 00007F52, align: 1
  Segment part 0.
           ENTRY                   ADDRESS         REF BY
           =====                   =======         ======
           ?Register_R10_is_cg_reg
                                   00007F52        SDOtoLine (sdo)
                                                   SetAlarm (timer)
                                                   TimeDispatch (timer)
                                                   _sendPDOevent (pdo)
                                                   _setODentry (objacces)
                                                   buildPDO (pdo)
                                                   interpChannelWaveform (stimTask)
                                                   lineToSDO (sdo)
                                                   objdictToSDOBlockline (sdo)
                                                   processPDO (pdo)
                                                   processSDO (sdo)
                                                   setNodeId (states)

    -------------------------------------------------------------------------
  LIBRARY MODULE, NAME : ?REGISTER_CGREGR11_L10

  SEGMENTS IN THE MODULE
  ======================
CODE
  Relative segment, address: CODE 00007F52, align: 1
  Segment part 0.
           ENTRY                   ADDRESS         REF BY
           =====                   =======         ======
           ?Register_R11_is_cg_reg
                                   00007F52        SDOtoLine (sdo)
                                                   SetAlarm (timer)
                                                   TimeDispatch (timer)
                                                   _sendPDOevent (pdo)
                                                   _setODentry (objacces)
                                                   buildPDO (pdo)
                                                   interpChannelWaveform (stimTask)
                                                   lineToSDO (sdo)
                                                   processPDO (pdo)
                                                   processSDO (sdo)
                                                   setNodeId (states)

    -------------------------------------------------------------------------
  LIBRARY MODULE, NAME : ?REGISTER_CGREGR12_L10

  SEGMENTS IN THE MODULE
  ======================
CODE
  Relative segment, address: CODE 00007F52, align: 1
  Segment part 0.
           ENTRY                   ADDRESS         REF BY
           =====                   =======         ======
           ?Register_R12_is_cg_reg
                                   00007F52        SetAlarm (timer)
                                                   TimeDispatch (timer)
                                                   _sendPDOevent (pdo)
                                                   _setODentry (objacces)
                                                   buildPDO (pdo)
                                                   interpChannelWaveform (stimTask)
                                                   objdictToSDOBlockline (sdo)
                                                   processPDO (pdo)
                                                   processSDO (sdo)

    -------------------------------------------------------------------------
  LIBRARY MODULE, NAME : ?REGISTER_CGREGR13_L10

  SEGMENTS IN THE MODULE
  ======================
CODE
  Relative segment, address: CODE 00007F52, align: 1
  Segment part 0.
           ENTRY                   ADDRESS         REF BY
           =====                   =======         ======
           ?Register_R13_is_cg_reg
                                   00007F52        SetAlarm (timer)
                                                   TimeDispatch (timer)
                                                   _sendPDOevent (pdo)
                                                   _setODentry (objacces)
                                                   buildPDO (pdo)
                                                   objdictToSDOBlockline (sdo)
                                                   processPDO (pdo)
                                                   processSDO (sdo)

    -------------------------------------------------------------------------
  LIBRARY MODULE, NAME : ?REGISTER_CGREGR14_L10

  SEGMENTS IN THE MODULE
  ======================
CODE
  Relative segment, address: CODE 00007F52, align: 1
  Segment part 0.
           ENTRY                   ADDRESS         REF BY
           =====                   =======         ======
           ?Register_R14_is_cg_reg
                                   00007F52        SetAlarm (timer)
                                                   TimeDispatch (timer)
                                                   _sendPDOevent (pdo)
                                                   _setODentry (objacces)
                                                   buildPDO (pdo)
                                                   processPDO (pdo)

    -------------------------------------------------------------------------
  LIBRARY MODULE, NAME : ?REGISTER_CGREGR15_L10

  SEGMENTS IN THE MODULE
  ======================
CODE
  Relative segment, address: CODE 00007F52, align: 1
  Segment part 0.
           ENTRY                   ADDRESS         REF BY
           =====                   =======         ======
           ?Register_R15_is_cg_reg
                                   00007F52        SetAlarm (timer)
                                                   TimeDispatch (timer)
                                                   _sendPDOevent (pdo)
                                                   _setODentry (objacces)
                                                   processPDO (pdo)

    -------------------------------------------------------------------------
  LIBRARY MODULE, NAME : ?low_level_init

  SEGMENTS IN THE MODULE
  ======================
CODE
  Relative segment, address: CODE 00007F52 - 00007F55 (0x4 bytes), align: 1
  Segment part 3.
           ENTRY                   ADDRESS         REF BY
           =====                   =======         ======
           __low_level_init        00007F52        ?call_low_level_init (?C_STARTUP)
               RSTACK = 00000000 ( 00000002 )

    -------------------------------------------------------------------------
  LIBRARY MODULE, NAME : ?memcmp

  SEGMENTS IN THE MODULE
  ======================
CODE
  Relative segment, address: CODE 00007F56 - 00007F85 (0x30 bytes), align: 1
  Segment part 3.
           ENTRY                   ADDRESS         REF BY
           =====                   =======         ======
           memcmp                  00007F56        _sendPDOevent (pdo)
               RSTACK = 00000000 ( 00000002 )

    -------------------------------------------------------------------------
  LIBRARY MODULE, NAME : ?memcpy

  SEGMENTS IN THE MODULE
  ======================
CODE
  Relative segment, address: CODE 00007F86 - 00007FA3 (0x1e bytes), align: 1
  Segment part 3.
           ENTRY                   ADDRESS         REF BY
           =====                   =======         ======
           memcpy                  00007F86        ReadLocalFlashData (eedata)
                                                   _getODentry (objacces)
                                                   _setODentry (objacces)
                                                   objdictToSDOBlockline (sdo)
                                                   updateAccelerometer (acceltemp)
               RSTACK = 00000000 ( 00000002 )

    -------------------------------------------------------------------------
  LIBRARY MODULE, NAME : ?memmove

  SEGMENTS IN THE MODULE
  ======================
CODE
  Relative segment, address: CODE 00007FA4 - 00007FDB (0x38 bytes), align: 1
  Segment part 3.
           ENTRY                   ADDRESS         REF BY
           =====                   =======         ======
           memmove                 00007FA4        updateAccelerometer (acceltemp)
               RSTACK = 00000000 ( 00000002 )
               CSTACK = 00000000 ( 00000004 )
    -------------------------------------------------------------------------
CODE
  Relative segment, address: CODE 00007FDC - 00007FE5 (0xa bytes), align: 1
  Segment part 4.             Intra module refs:   memmove

    -------------------------------------------------------------------------
  LIBRARY MODULE, NAME : ?memset

  SEGMENTS IN THE MODULE
  ======================
CODE
  Relative segment, address: CODE 00007FE6 - 00007FF7 (0x12 bytes), align: 1
  Segment part 3.
           ENTRY                   ADDRESS         REF BY
           =====                   =======         ======
           memset                  00007FE6        ClearActivePattern (stimTask)
                                                   EraseEprom (eedata)
                                                   ReadEprom (app)
                                                   ReadLocalFlashMemory (app)
                                                   _sendPDOevent (pdo)
               RSTACK = 00000000 ( 00000002 )

    -------------------------------------------------------------------------
  LIBRARY MODULE, NAME : ?segment_init

  SEGMENTS IN THE MODULE
  ======================
CODE
  Relative segment, address: CODE 00007FF8 - 00007FFF (0x8 bytes), align: 1
  Segment part 3.             Intra module refs:   __segment_init
           LOCAL                   ADDRESS         
           =====                   =======         
           __memclr                00007FF8 
               RSTACK = 00000000 ( 00000002 )
    -------------------------------------------------------------------------
CODE
  Relative segment, address: CODE 00008000 - 0000800B (0xc bytes), align: 1
  Segment part 4.             Intra module refs:   __segment_init
           LOCAL                   ADDRESS         
           =====                   =======         
           __flashcpy              00008000 
               RSTACK = 00000000 ( 00000002 )
    -------------------------------------------------------------------------
CODE
  Relative segment, address: CODE 0000800C - 00008017 (0xc bytes), align: 1
  Segment part 5.             Intra module refs:   __flashcpy
                                                   __memclr
    -------------------------------------------------------------------------
CODE
  Relative segment, address: CODE 00008018 - 00008079 (0x62 bytes), align: 1
  Segment part 6.
           ENTRY                   ADDRESS         REF BY
           =====                   =======         ======
           __segment_init          00008018        ?need_segment_init (?C_STARTUP)
               calls direct
               RSTACK = 00000000 ( 00000002 )

    *************************************************************************

  DEFINED ABSOLUTE ENTRIES
  PROGRAM MODULE, NAME : ?FILLER_BYTES

  SEGMENTS IN THE MODULE
  ======================
INTVEC
  Common segment, address: CODE 00000000 - 00000077 (0x78 bytes), align: 0
  Segment part 1.
    -------------------------------------------------------------------------
?FILL1
  Relative segment, address: CODE 00000078 - 00000093 (0x1c bytes), align: 0
  Segment part 0.




                ****************************************
                *                                      *
                *      SEGMENTS IN ADDRESS ORDER       *
                *                                      *
                ****************************************


SEGMENT              SPACE    START ADDRESS   END ADDRESS     SIZE  TYPE  ALIGN
=======              =====    =============   ===========     ====  ====  =====
INTVEC               CODE          00000000 - 00000077          78   com    1
?FILL1               CODE          00000078 - 00000093          1C   rel    0
SWITCH               CODE          00000094 - 00000199         106   rel    1
CODE                 CODE          0000019A - 00008079        7EE0   rel    1
<FAR_F> 1            CODE          0000807A - 000080B1          38   rel    0
INITTAB              CODE          000080B2 - 000080BF           E   rel    0
NEAR_ID              CODE          000080C0 - 000088C3         804   rel    0
ABSOLUTE             DATA               0000001F                     rel    0
                     DATA               00000020                   
                     DATA               00000021                   
                     DATA          00000024 - 00000025           2 
                     DATA          00000027 - 00000028           2 
                     DATA          0000002A - 0000002B           2 
                     DATA          0000002D - 0000002E           2 
                     DATA          00000030 - 00000031           2 
                     DATA          00000033 - 00000034           2 
                     DATA          00000036 - 00000036           1 
                     DATA          0000003F - 00000042           4 
                     DATA          00000044 - 00000044           1 
                     DATA          00000046 - 00000047           2 
                     DATA          0000004C - 0000004E           3 
                     DATA          00000050 - 00000050           1 
                     DATA          00000053 - 00000053           1 
                     DATA          00000060 - 00000061           2 
                     DATA          0000006E - 0000006E           1 
                     DATA          00000071 - 00000071           1 
                     DATA          00000078 - 0000007A           3 
                     DATA          0000007C - 0000007C           1 
                     DATA          0000007E - 00000082           5 
                     DATA          00000084 - 00000085           2 
                     DATA          00000088 - 0000008D           6 
                     DATA          00000091 - 00000091           1 
                     DATA          00000094 - 00000095           2 
                     DATA          0000009A - 0000009B           2 
                     DATA          000000B8 - 000000B9           2 
                     DATA          000000BB - 000000BC           2 
                     DATA          000000D8 - 000000DB           4 
                     DATA          000000DE - 000000DF           2 
                     DATA          000000E1 - 000000E4           4 
                     DATA          000000EA - 000000EB           2 
                     DATA          000000ED - 000000F0           4 
                     DATA          000000F2 - 000000F3           2 
                     DATA          000000F6 - 000000FA           5 
CSTACK               DATA          00000100 - 0000035F         260   dse    0
RSTACK               DATA          00000360 - 0000038F          30   dse    0
NEAR_I               DATA          00000390 - 00000B93         804   rel    0
NEAR_Z               DATA          00000B94 - 00000F51         3BE   rel    0

                ****************************************
                *                                      *
                *        END OF CROSS REFERENCE        *
                *                                      *
                ****************************************

 34 984 bytes of CODE memory (+             28 range fill )
  3 666 bytes of DATA memory (+ 80 absolute )

Errors: none
Warnings: none

